
> schedule-system@1.0.0 build
> vite build

[36mvite v6.4.1 [32mbuilding for production...[36m[39m
transforming...
[32m笨・[39m 65 modules transformed.
